============================= test session starts =============================
platform win32 -- Python 3.11.5, pytest-9.1.1, pluggy-1.6.0
rootdir: C:\Users\kirol\Desktop\darkatlas-ai
plugins: anyio-4.11.0, langsmith-0.4.49
collected 26 items

tests\test_context_builder.py .                                          [  3%]
tests\test_enrichment.py FF                                              [ 11%]
tests\test_import.py .......                                             [ 38%]
tests\test_llm_failures.py .FF.                                          [ 53%]
tests\test_query.py F                                                    [ 57%]
tests\test_report.py F                                                   [ 61%]
tests\test_risk.py .F                                                    [ 69%]
tests\test_rule_engine.py ...                                            [ 80%]
tests\test_tenant_isolation.py F.                                        [ 88%]
tests\test_validators.py .F.                                             [100%]

================================== FAILURES ===================================
______________________ test_enrichment_metadata_envelope ______________________

client = <starlette.testclient.TestClient object at 0x000001B1682D2290>
db_session = <sqlalchemy.orm.session.Session object at 0x000001B16835F2D0>

    def test_enrichment_metadata_envelope(client, db_session):
        client.post("/ingest", json={"tenant_id": "tenant_1", "assets": [{"type": "certificate", "value": "cert.com"}]})
        asset = db_session.query(Asset).first()
    
        resp = client.post("/enrich", json={"asset_ids": [str(asset.id)]})
>       assert resp.status_code == 200
E       assert 422 == 200
E        +  where 422 = <Response [422 Unprocessable Entity]>.status_code

tests\test_enrichment.py:8: AssertionError
---------------------------- Captured stderr call -----------------------------
2026-06-27 13:51:39,259 [INFO] app.services.ingest_service: Starting import for tenant tenant_1 with 1 assets and 0 relationships
2026-06-27 13:51:39,277 [INFO] app.services.ingest_service: Successfully committed batch for tenant tenant_1
2026-06-27 13:51:39,284 [INFO] httpx: HTTP Request: POST http://testserver/ingest "HTTP/1.1 200 OK"
2026-06-27 13:51:39,308 [INFO] httpx: HTTP Request: POST http://testserver/enrich "HTTP/1.1 422 Unprocessable Entity"
------------------------------ Captured log call ------------------------------
INFO     app.services.ingest_service:ingest_service.py:27 Starting import for tenant tenant_1 with 1 assets and 0 relationships
INFO     app.services.ingest_service:ingest_service.py:125 Successfully committed batch for tenant tenant_1
INFO     httpx:_client.py:1025 HTTP Request: POST http://testserver/ingest "HTTP/1.1 200 OK"
INFO     httpx:_client.py:1025 HTTP Request: POST http://testserver/enrich "HTTP/1.1 422 Unprocessable Entity"
____________________ test_enrichment_insufficient_evidence ____________________

client = <starlette.testclient.TestClient object at 0x000001B168294E10>
db_session = <sqlalchemy.orm.session.Session object at 0x000001B16827BD90>

    def test_enrichment_insufficient_evidence(client, db_session):
        # Injecting kubernetes to trigger our MockLLM unknown fallback
        client.post("/ingest", json={"tenant_id": "tenant_1", "assets": [{"type": "domain", "value": "kubernetes_empty"}]})
        asset = db_session.query(Asset).first()
    
        client.post("/enrich", json={"asset_ids": [str(asset.id)]})
        updated_asset = db_session.query(Asset).first()
    
>       res = updated_asset.metadata_json["ai_enrichment"]["result"]
              ^^^^^^^^^^^^^^^^^^^^^^^^^^^^^^^^^^^^^^^^^^^^
E       KeyError: 'ai_enrichment'

tests\test_enrichment.py:33: KeyError
---------------------------- Captured stderr call -----------------------------
2026-06-27 13:51:40,257 [INFO] app.services.ingest_service: Starting import for tenant tenant_1 with 1 assets and 0 relationships
2026-06-27 13:51:40,272 [INFO] app.services.ingest_service: Successfully committed batch for tenant tenant_1
2026-06-27 13:51:40,272 [INFO] httpx: HTTP Request: POST http://testserver/ingest "HTTP/1.1 200 OK"
2026-06-27 13:51:40,289 [INFO] httpx: HTTP Request: POST http://testserver/enrich "HTTP/1.1 422 Unprocessable Entity"
------------------------------ Captured log call ------------------------------
INFO     app.services.ingest_service:ingest_service.py:27 Starting import for tenant tenant_1 with 1 assets and 0 relationships
INFO     app.services.ingest_service:ingest_service.py:125 Successfully committed batch for tenant tenant_1
INFO     httpx:_client.py:1025 HTTP Request: POST http://testserver/ingest "HTTP/1.1 200 OK"
INFO     httpx:_client.py:1025 HTTP Request: POST http://testserver/enrich "HTTP/1.1 422 Unprocessable Entity"
_______________________ test_risk_llm_failure_fallback ________________________

client = <starlette.testclient.TestClient object at 0x000001B16858D0D0>
db_session = <sqlalchemy.orm.session.Session object at 0x000001B16858FA10>
monkeypatch = <_pytest.monkeypatch.MonkeyPatch object at 0x000001B16835E790>

    def test_risk_llm_failure_fallback(client, db_session, monkeypatch):
        def mock_risk_timeout(c):
            raise TimeoutError("LLM Offline")
        monkeypatch.setattr("app.chains.risk_chain.evaluate_risk_chain", mock_risk_timeout)
    
        client.post("/ingest", json={"tenant_id": "tenant_1", "assets": [{"type": "domain", "value": "test.com"}]})
        asset = db_session.query(Asset).first()
    
        resp = client.post("/risk", json={"asset_ids": [str(asset.id)]})
>       assert resp.status_code == 200
E       assert 404 == 200
E        +  where 404 = <Response [404 Not Found]>.status_code

tests\test_llm_failures.py:23: AssertionError
---------------------------- Captured stderr call -----------------------------
2026-06-27 13:52:46,291 [INFO] app.services.ingest_service: Starting import for tenant tenant_1 with 1 assets and 0 relationships
2026-06-27 13:52:46,303 [INFO] app.services.ingest_service: Successfully committed batch for tenant tenant_1
2026-06-27 13:52:46,303 [INFO] httpx: HTTP Request: POST http://testserver/ingest "HTTP/1.1 200 OK"
2026-06-27 13:52:46,327 [INFO] httpx: HTTP Request: POST http://testserver/risk "HTTP/1.1 404 Not Found"
------------------------------ Captured log call ------------------------------
INFO     app.services.ingest_service:ingest_service.py:27 Starting import for tenant tenant_1 with 1 assets and 0 relationships
INFO     app.services.ingest_service:ingest_service.py:125 Successfully committed batch for tenant tenant_1
INFO     httpx:_client.py:1025 HTTP Request: POST http://testserver/ingest "HTTP/1.1 200 OK"
INFO     httpx:_client.py:1025 HTTP Request: POST http://testserver/risk "HTTP/1.1 404 Not Found"
____________________ test_enrichment_llm_failure_fallback _____________________

client = <starlette.testclient.TestClient object at 0x000001B1682BFB10>
db_session = <sqlalchemy.orm.session.Session object at 0x000001B1682BFE10>
monkeypatch = <_pytest.monkeypatch.MonkeyPatch object at 0x000001B16838F750>

    def test_enrichment_llm_failure_fallback(client, db_session, monkeypatch):
        def mock_enrich_timeout(c):
            raise TimeoutError("LLM Offline")
        monkeypatch.setattr("app.chains.enrich_chain.evaluate_enrichment_chain", mock_enrich_timeout)
    
        client.post("/ingest", json={"tenant_id": "tenant_1", "assets": [{"type": "domain", "value": "test.com"}]})
        asset = db_session.query(Asset).first()
    
        client.post("/enrich", json={"asset_ids": [str(asset.id)]})
        updated_asset = db_session.query(Asset).first()
    
>       res = updated_asset.metadata_json["ai_enrichment"]["result"]
              ^^^^^^^^^^^^^^^^^^^^^^^^^^^^^^^^^^^^^^^^^^^^
E       KeyError: 'ai_enrichment'

tests\test_llm_failures.py:38: KeyError
---------------------------- Captured stderr call -----------------------------
2026-06-27 13:52:46,440 [INFO] app.services.ingest_service: Starting import for tenant tenant_1 with 1 assets and 0 relationships
2026-06-27 13:52:46,458 [INFO] app.services.ingest_service: Successfully committed batch for tenant tenant_1
2026-06-27 13:52:46,464 [INFO] httpx: HTTP Request: POST http://testserver/ingest "HTTP/1.1 200 OK"
2026-06-27 13:52:46,485 [INFO] httpx: HTTP Request: POST http://testserver/enrich "HTTP/1.1 422 Unprocessable Entity"
------------------------------ Captured log call ------------------------------
INFO     app.services.ingest_service:ingest_service.py:27 Starting import for tenant tenant_1 with 1 assets and 0 relationships
INFO     app.services.ingest_service:ingest_service.py:125 Successfully committed batch for tenant tenant_1
INFO     httpx:_client.py:1025 HTTP Request: POST http://testserver/ingest "HTTP/1.1 200 OK"
INFO     httpx:_client.py:1025 HTTP Request: POST http://testserver/enrich "HTTP/1.1 422 Unprocessable Entity"
_________________ test_query_grounding_and_hallucination_trap _________________

client = <starlette.testclient.TestClient object at 0x000001B1687120D0>
db_session = <sqlalchemy.orm.session.Session object at 0x000001B16874D090>

    def test_query_grounding_and_hallucination_trap(client, db_session):
        # Setup DB
        client.post("/ingest", json={"tenant_id": "tenant_1", "assets": [{"type": "certificate", "value": "cert_xyz", "status": "expired"}]})
    
        # 1. Valid Query
        resp = client.post("/query", json={"tenant_id": "tenant_1", "question": "show expired certificates"})
        assert resp.status_code == 200
        assert "assets" in resp.json()
>       assert resp.json()["assets"][0]["value"] == "cert_xyz"
               ^^^^^^^^^^^^^^^^^^^^^^^^
E       IndexError: list index out of range

tests\test_query.py:9: IndexError
---------------------------- Captured stderr call -----------------------------
2026-06-27 13:53:49,697 [INFO] app.services.ingest_service: Starting import for tenant tenant_1 with 1 assets and 0 relationships
2026-06-27 13:53:49,697 [WARNING] app.services.ingest_service: Validation error for asset cert_xyz: [{'type': 'enum', 'loc': ('status',), 'msg': "Input should be 'active', 'stale' or 'archived'", 'input': 'expired', 'ctx': {'expected': "'active', 'stale' or 'archived'"}, 'url': 'https://errors.pydantic.dev/2.12/v/enum'}]
2026-06-27 13:53:49,697 [INFO] app.services.ingest_service: Successfully committed batch for tenant tenant_1
2026-06-27 13:53:49,706 [INFO] httpx: HTTP Request: POST http://testserver/ingest "HTTP/1.1 200 OK"
2026-06-27 13:53:49,714 [INFO] app.services.query_service: Executing query for tenant tenant_1
2026-06-27 13:53:50,080 [WARNING] langchain_google_genai.chat_models: Retrying langchain_google_genai.chat_models._chat_with_retry.<locals>._chat_with_retry in 2.0 seconds as it raised NotFound: 404 models/gemini-1.5-flash is not found for API version v1beta, or is not supported for generateContent. Call ModelService.ListModels to see the list of available models and their supported methods..
2026-06-27 13:53:52,191 [WARNING] langchain_google_genai.chat_models: Retrying langchain_google_genai.chat_models._chat_with_retry.<locals>._chat_with_retry in 4.0 seconds as it raised NotFound: 404 models/gemini-1.5-flash is not found for API version v1beta, or is not supported for generateContent. Call ModelService.ListModels to see the list of available models and their supported methods..
2026-06-27 13:53:56,337 [WARNING] langchain_google_genai.chat_models: Retrying langchain_google_genai.chat_models._chat_with_retry.<locals>._chat_with_retry in 8.0 seconds as it raised NotFound: 404 models/gemini-1.5-flash is not found for API version v1beta, or is not supported for generateContent. Call ModelService.ListModels to see the list of available models and their supported methods..
2026-06-27 13:54:04,442 [WARNING] langchain_google_genai.chat_models: Retrying langchain_google_genai.chat_models._chat_with_retry.<locals>._chat_with_retry in 16.0 seconds as it raised NotFound: 404 models/gemini-1.5-flash is not found for API version v1beta, or is not supported for generateContent. Call ModelService.ListModels to see the list of available models and their supported methods..
2026-06-27 13:54:20,605 [WARNING] langchain_google_genai.chat_models: Retrying langchain_google_genai.chat_models._chat_with_retry.<locals>._chat_with_retry in 32.0 seconds as it raised NotFound: 404 models/gemini-1.5-flash is not found for API version v1beta, or is not supported for generateContent. Call ModelService.ListModels to see the list of available models and their supported methods..
2026-06-27 13:54:52,716 [ERROR] app.services.query_service: LLM Failure in query intent: 404 models/gemini-1.5-flash is not found for API version v1beta, or is not supported for generateContent. Call ModelService.ListModels to see the list of available models and their supported methods.
2026-06-27 13:54:52,724 [INFO] httpx: HTTP Request: POST http://testserver/query "HTTP/1.1 200 OK"
------------------------------ Captured log call ------------------------------
INFO     app.services.ingest_service:ingest_service.py:27 Starting import for tenant tenant_1 with 1 assets and 0 relationships
WARNING  app.services.ingest_service:ingest_service.py:75 Validation error for asset cert_xyz: [{'type': 'enum', 'loc': ('status',), 'msg': "Input should be 'active', 'stale' or 'archived'", 'input': 'expired', 'ctx': {'expected': "'active', 'stale' or 'archived'"}, 'url': 'https://errors.pydantic.dev/2.12/v/enum'}]
INFO     app.services.ingest_service:ingest_service.py:125 Successfully committed batch for tenant tenant_1
INFO     httpx:_client.py:1025 HTTP Request: POST http://testserver/ingest "HTTP/1.1 200 OK"
INFO     app.services.query_service:query_service.py:20 Executing query for tenant tenant_1
WARNING  langchain_google_genai.chat_models:before_sleep.py:65 Retrying langchain_google_genai.chat_models._chat_with_retry.<locals>._chat_with_retry in 2.0 seconds as it raised NotFound: 404 models/gemini-1.5-flash is not found for API version v1beta, or is not supported for generateContent. Call ModelService.ListModels to see the list of available models and their supported methods..
WARNING  langchain_google_genai.chat_models:before_sleep.py:65 Retrying langchain_google_genai.chat_models._chat_with_retry.<locals>._chat_with_retry in 4.0 seconds as it raised NotFound: 404 models/gemini-1.5-flash is not found for API version v1beta, or is not supported for generateContent. Call ModelService.ListModels to see the list of available models and their supported methods..
WARNING  langchain_google_genai.chat_models:before_sleep.py:65 Retrying langchain_google_genai.chat_models._chat_with_retry.<locals>._chat_with_retry in 8.0 seconds as it raised NotFound: 404 models/gemini-1.5-flash is not found for API version v1beta, or is not supported for generateContent. Call ModelService.ListModels to see the list of available models and their supported methods..
WARNING  langchain_google_genai.chat_models:before_sleep.py:65 Retrying langchain_google_genai.chat_models._chat_with_retry.<locals>._chat_with_retry in 16.0 seconds as it raised NotFound: 404 models/gemini-1.5-flash is not found for API version v1beta, or is not supported for generateContent. Call ModelService.ListModels to see the list of available models and their supported methods..
WARNING  langchain_google_genai.chat_models:before_sleep.py:65 Retrying langchain_google_genai.chat_models._chat_with_retry.<locals>._chat_with_retry in 32.0 seconds as it raised NotFound: 404 models/gemini-1.5-flash is not found for API version v1beta, or is not supported for generateContent. Call ModelService.ListModels to see the list of available models and their supported methods..
ERROR    app.services.query_service:query_service.py:26 LLM Failure in query intent: 404 models/gemini-1.5-flash is not found for API version v1beta, or is not supported for generateContent. Call ModelService.ListModels to see the list of available models and their supported methods.
INFO     httpx:_client.py:1025 HTTP Request: POST http://testserver/query "HTTP/1.1 200 OK"
_________________________ test_report_auto_correction _________________________

client = <starlette.testclient.TestClient object at 0x000001B1687A6C10>
db_session = <sqlalchemy.orm.session.Session object at 0x000001B1687A4610>

    def test_report_auto_correction(client, db_session):
        # Setup DB
        client.post("/ingest", json={"tenant_id": "tenant_1", "assets": [{"type": "certificate", "value": "cert_xyz", "status": "expired"}]})
    
        resp = client.get("/report/tenant_1")
        assert resp.status_code == 200
    
        markdown = resp.json()["report"]
        # The MockLLM injects "Total Assets: 9999" and "Expired Certificates: 9999"
        # The report validator should actively correct them to the ground truth DB stats (1 and 0 in this mock context depending on rule engine)
>       assert "Total Assets: 1" in markdown
E       assert 'Total Assets: 1' in '# Asset Inventory Fallback Report\n\n**Overall Risk:** LOW\n**Confidence:** LOW\n\n## Executive Summary\nAutomated fa...10:54:52.862244+00:00",\n  "context_version": "1.0",\n  "prompt_version": "v1",\n  "model": "gemini-1.5-flash"\n}\n```'

tests\test_report.py:11: AssertionError
---------------------------- Captured stderr call -----------------------------
2026-06-27 13:54:52,843 [INFO] app.services.ingest_service: Starting import for tenant tenant_1 with 1 assets and 0 relationships
2026-06-27 13:54:52,843 [WARNING] app.services.ingest_service: Validation error for asset cert_xyz: [{'type': 'enum', 'loc': ('status',), 'msg': "Input should be 'active', 'stale' or 'archived'", 'input': 'expired', 'ctx': {'expected': "'active', 'stale' or 'archived'"}, 'url': 'https://errors.pydantic.dev/2.12/v/enum'}]
2026-06-27 13:54:52,843 [INFO] app.services.ingest_service: Successfully committed batch for tenant tenant_1
2026-06-27 13:54:52,849 [INFO] httpx: HTTP Request: POST http://testserver/ingest "HTTP/1.1 200 OK"
2026-06-27 13:54:52,854 [INFO] app.services.report_service: Generating report for tenant tenant_1
2026-06-27 13:54:53,219 [WARNING] langchain_google_genai.chat_models: Retrying langchain_google_genai.chat_models._chat_with_retry.<locals>._chat_with_retry in 2.0 seconds as it raised NotFound: 404 models/gemini-1.5-flash is not found for API version v1beta, or is not supported for generateContent. Call ModelService.ListModels to see the list of available models and their supported methods..
2026-06-27 13:54:55,323 [WARNING] langchain_google_genai.chat_models: Retrying langchain_google_genai.chat_models._chat_with_retry.<locals>._chat_with_retry in 4.0 seconds as it raised NotFound: 404 models/gemini-1.5-flash is not found for API version v1beta, or is not supported for generateContent. Call ModelService.ListModels to see the list of available models and their supported methods..
2026-06-27 13:54:59,438 [WARNING] langchain_google_genai.chat_models: Retrying langchain_google_genai.chat_models._chat_with_retry.<locals>._chat_with_retry in 8.0 seconds as it raised NotFound: 404 models/gemini-1.5-flash is not found for API version v1beta, or is not supported for generateContent. Call ModelService.ListModels to see the list of available models and their supported methods..
2026-06-27 13:55:07,557 [WARNING] langchain_google_genai.chat_models: Retrying langchain_google_genai.chat_models._chat_with_retry.<locals>._chat_with_retry in 16.0 seconds as it raised NotFound: 404 models/gemini-1.5-flash is not found for API version v1beta, or is not supported for generateContent. Call ModelService.ListModels to see the list of available models and their supported methods..
2026-06-27 13:55:23,768 [WARNING] langchain_google_genai.chat_models: Retrying langchain_google_genai.chat_models._chat_with_retry.<locals>._chat_with_retry in 32.0 seconds as it raised NotFound: 404 models/gemini-1.5-flash is not found for API version v1beta, or is not supported for generateContent. Call ModelService.ListModels to see the list of available models and their supported methods..
2026-06-27 13:55:55,912 [ERROR] app.services.report_service: LLM Failure in report generation: 404 models/gemini-1.5-flash is not found for API version v1beta, or is not supported for generateContent. Call ModelService.ListModels to see the list of available models and their supported methods.
2026-06-27 13:55:55,922 [INFO] httpx: HTTP Request: GET http://testserver/report/tenant_1 "HTTP/1.1 200 OK"
------------------------------ Captured log call ------------------------------
INFO     app.services.ingest_service:ingest_service.py:27 Starting import for tenant tenant_1 with 1 assets and 0 relationships
WARNING  app.services.ingest_service:ingest_service.py:75 Validation error for asset cert_xyz: [{'type': 'enum', 'loc': ('status',), 'msg': "Input should be 'active', 'stale' or 'archived'", 'input': 'expired', 'ctx': {'expected': "'active', 'stale' or 'archived'"}, 'url': 'https://errors.pydantic.dev/2.12/v/enum'}]
INFO     app.services.ingest_service:ingest_service.py:125 Successfully committed batch for tenant tenant_1
INFO     httpx:_client.py:1025 HTTP Request: POST http://testserver/ingest "HTTP/1.1 200 OK"
INFO     app.services.report_service:report_service.py:19 Generating report for tenant tenant_1
WARNING  langchain_google_genai.chat_models:before_sleep.py:65 Retrying langchain_google_genai.chat_models._chat_with_retry.<locals>._chat_with_retry in 2.0 seconds as it raised NotFound: 404 models/gemini-1.5-flash is not found for API version v1beta, or is not supported for generateContent. Call ModelService.ListModels to see the list of available models and their supported methods..
WARNING  langchain_google_genai.chat_models:before_sleep.py:65 Retrying langchain_google_genai.chat_models._chat_with_retry.<locals>._chat_with_retry in 4.0 seconds as it raised NotFound: 404 models/gemini-1.5-flash is not found for API version v1beta, or is not supported for generateContent. Call ModelService.ListModels to see the list of available models and their supported methods..
WARNING  langchain_google_genai.chat_models:before_sleep.py:65 Retrying langchain_google_genai.chat_models._chat_with_retry.<locals>._chat_with_retry in 8.0 seconds as it raised NotFound: 404 models/gemini-1.5-flash is not found for API version v1beta, or is not supported for generateContent. Call ModelService.ListModels to see the list of available models and their supported methods..
WARNING  langchain_google_genai.chat_models:before_sleep.py:65 Retrying langchain_google_genai.chat_models._chat_with_retry.<locals>._chat_with_retry in 16.0 seconds as it raised NotFound: 404 models/gemini-1.5-flash is not found for API version v1beta, or is not supported for generateContent. Call ModelService.ListModels to see the list of available models and their supported methods..
WARNING  langchain_google_genai.chat_models:before_sleep.py:65 Retrying langchain_google_genai.chat_models._chat_with_retry.<locals>._chat_with_retry in 32.0 seconds as it raised NotFound: 404 models/gemini-1.5-flash is not found for API version v1beta, or is not supported for generateContent. Call ModelService.ListModels to see the list of available models and their supported methods..
ERROR    app.services.report_service:report_service.py:72 LLM Failure in report generation: 404 models/gemini-1.5-flash is not found for API version v1beta, or is not supported for generateContent. Call ModelService.ListModels to see the list of available models and their supported methods.
INFO     httpx:_client.py:1025 HTTP Request: GET http://testserver/report/tenant_1 "HTTP/1.1 200 OK"
_________________________ test_risk_summary_grounding _________________________

client = <starlette.testclient.TestClient object at 0x000001B168756750>
db_session = <sqlalchemy.orm.session.Session object at 0x000001B16827BD90>

    def test_risk_summary_grounding(client, db_session):
        payload = {"tenant_id": "tenant_1", "assets": [{"type": "domain", "value": "test.com"}]}
        client.post("/ingest", json=payload)
    
        asset = db_session.query(Asset).first()
        resp = client.post("/risk", json={"asset_ids": [str(asset.id)]})
>       assert resp.status_code == 200
E       assert 404 == 200
E        +  where 404 = <Response [404 Not Found]>.status_code

tests\test_risk.py:26: AssertionError
---------------------------- Captured stderr call -----------------------------
2026-06-27 13:55:56,118 [INFO] app.services.ingest_service: Starting import for tenant tenant_1 with 1 assets and 0 relationships
2026-06-27 13:55:56,126 [INFO] app.services.ingest_service: Successfully committed batch for tenant tenant_1
2026-06-27 13:55:56,126 [INFO] httpx: HTTP Request: POST http://testserver/ingest "HTTP/1.1 200 OK"
2026-06-27 13:55:56,143 [INFO] httpx: HTTP Request: POST http://testserver/risk "HTTP/1.1 404 Not Found"
------------------------------ Captured log call ------------------------------
INFO     app.services.ingest_service:ingest_service.py:27 Starting import for tenant tenant_1 with 1 assets and 0 relationships
INFO     app.services.ingest_service:ingest_service.py:125 Successfully committed batch for tenant tenant_1
INFO     httpx:_client.py:1025 HTTP Request: POST http://testserver/ingest "HTTP/1.1 200 OK"
INFO     httpx:_client.py:1025 HTTP Request: POST http://testserver/risk "HTTP/1.1 404 Not Found"
_________________________ test_multi_tenant_isolation _________________________

client = <starlette.testclient.TestClient object at 0x000001B16847DA90>
db_session = <sqlalchemy.orm.session.Session object at 0x000001B16847FCD0>

    def test_multi_tenant_isolation(client, db_session):
        # Ingest for Tenant A
        client.post("/ingest", json={"tenant_id": "tenant_A", "assets": [{"type": "domain", "value": "a.com"}]})
        # Ingest for Tenant B
        client.post("/ingest", json={"tenant_id": "tenant_B", "assets": [{"type": "domain", "value": "b.com"}]})
    
        # Query for Tenant A should only return a.com
        resp_A = client.post("/query", json={"tenant_id": "tenant_A", "question": "show assets"})
        assets_A = resp_A.json().get("assets", [])
>       assert len(assets_A) == 1
E       assert 0 == 1
E        +  where 0 = len([])

tests\test_tenant_isolation.py:10: AssertionError
---------------------------- Captured stderr call -----------------------------
2026-06-27 13:55:56,242 [INFO] app.services.ingest_service: Starting import for tenant tenant_A with 1 assets and 0 relationships
2026-06-27 13:55:56,250 [INFO] app.services.ingest_service: Successfully committed batch for tenant tenant_A
2026-06-27 13:55:56,259 [INFO] httpx: HTTP Request: POST http://testserver/ingest "HTTP/1.1 200 OK"
2026-06-27 13:55:56,259 [INFO] app.services.ingest_service: Starting import for tenant tenant_B with 1 assets and 0 relationships
2026-06-27 13:55:56,275 [INFO] app.services.ingest_service: Successfully committed batch for tenant tenant_B
2026-06-27 13:55:56,275 [INFO] httpx: HTTP Request: POST http://testserver/ingest "HTTP/1.1 200 OK"
2026-06-27 13:55:56,283 [INFO] app.services.query_service: Executing query for tenant tenant_A
2026-06-27 13:55:56,849 [WARNING] langchain_google_genai.chat_models: Retrying langchain_google_genai.chat_models._chat_with_retry.<locals>._chat_with_retry in 2.0 seconds as it raised NotFound: 404 models/gemini-1.5-flash is not found for API version v1beta, or is not supported for generateContent. Call ModelService.ListModels to see the list of available models and their supported methods..
2026-06-27 13:55:58,995 [WARNING] langchain_google_genai.chat_models: Retrying langchain_google_genai.chat_models._chat_with_retry.<locals>._chat_with_retry in 4.0 seconds as it raised NotFound: 404 models/gemini-1.5-flash is not found for API version v1beta, or is not supported for generateContent. Call ModelService.ListModels to see the list of available models and their supported methods..
2026-06-27 13:56:03,116 [WARNING] langchain_google_genai.chat_models: Retrying langchain_google_genai.chat_models._chat_with_retry.<locals>._chat_with_retry in 8.0 seconds as it raised NotFound: 404 models/gemini-1.5-flash is not found for API version v1beta, or is not supported for generateContent. Call ModelService.ListModels to see the list of available models and their supported methods..
2026-06-27 13:56:11,269 [WARNING] langchain_google_genai.chat_models: Retrying langchain_google_genai.chat_models._chat_with_retry.<locals>._chat_with_retry in 16.0 seconds as it raised NotFound: 404 models/gemini-1.5-flash is not found for API version v1beta, or is not supported for generateContent. Call ModelService.ListModels to see the list of available models and their supported methods..
2026-06-27 13:56:27,420 [WARNING] langchain_google_genai.chat_models: Retrying langchain_google_genai.chat_models._chat_with_retry.<locals>._chat_with_retry in 32.0 seconds as it raised NotFound: 404 models/gemini-1.5-flash is not found for API version v1beta, or is not supported for generateContent. Call ModelService.ListModels to see the list of available models and their supported methods..
2026-06-27 13:56:59,539 [ERROR] app.services.query_service: LLM Failure in query intent: 404 models/gemini-1.5-flash is not found for API version v1beta, or is not supported for generateContent. Call ModelService.ListModels to see the list of available models and their supported methods.
2026-06-27 13:56:59,545 [INFO] httpx: HTTP Request: POST http://testserver/query "HTTP/1.1 200 OK"
------------------------------ Captured log call ------------------------------
INFO     app.services.ingest_service:ingest_service.py:27 Starting import for tenant tenant_A with 1 assets and 0 relationships
INFO     app.services.ingest_service:ingest_service.py:125 Successfully committed batch for tenant tenant_A
INFO     httpx:_client.py:1025 HTTP Request: POST http://testserver/ingest "HTTP/1.1 200 OK"
INFO     app.services.ingest_service:ingest_service.py:27 Starting import for tenant tenant_B with 1 assets and 0 relationships
INFO     app.services.ingest_service:ingest_service.py:125 Successfully committed batch for tenant tenant_B
INFO     httpx:_client.py:1025 HTTP Request: POST http://testserver/ingest "HTTP/1.1 200 OK"
INFO     app.services.query_service:query_service.py:20 Executing query for tenant tenant_A
WARNING  langchain_google_genai.chat_models:before_sleep.py:65 Retrying langchain_google_genai.chat_models._chat_with_retry.<locals>._chat_with_retry in 2.0 seconds as it raised NotFound: 404 models/gemini-1.5-flash is not found for API version v1beta, or is not supported for generateContent. Call ModelService.ListModels to see the list of available models and their supported methods..
WARNING  langchain_google_genai.chat_models:before_sleep.py:65 Retrying langchain_google_genai.chat_models._chat_with_retry.<locals>._chat_with_retry in 4.0 seconds as it raised NotFound: 404 models/gemini-1.5-flash is not found for API version v1beta, or is not supported for generateContent. Call ModelService.ListModels to see the list of available models and their supported methods..
WARNING  langchain_google_genai.chat_models:before_sleep.py:65 Retrying langchain_google_genai.chat_models._chat_with_retry.<locals>._chat_with_retry in 8.0 seconds as it raised NotFound: 404 models/gemini-1.5-flash is not found for API version v1beta, or is not supported for generateContent. Call ModelService.ListModels to see the list of available models and their supported methods..
WARNING  langchain_google_genai.chat_models:before_sleep.py:65 Retrying langchain_google_genai.chat_models._chat_with_retry.<locals>._chat_with_retry in 16.0 seconds as it raised NotFound: 404 models/gemini-1.5-flash is not found for API version v1beta, or is not supported for generateContent. Call ModelService.ListModels to see the list of available models and their supported methods..
WARNING  langchain_google_genai.chat_models:before_sleep.py:65 Retrying langchain_google_genai.chat_models._chat_with_retry.<locals>._chat_with_retry in 32.0 seconds as it raised NotFound: 404 models/gemini-1.5-flash is not found for API version v1beta, or is not supported for generateContent. Call ModelService.ListModels to see the list of available models and their supported methods..
ERROR    app.services.query_service:query_service.py:26 LLM Failure in query intent: 404 models/gemini-1.5-flash is not found for API version v1beta, or is not supported for generateContent. Call ModelService.ListModels to see the list of available models and their supported methods.
INFO     httpx:_client.py:1025 HTTP Request: POST http://testserver/query "HTTP/1.1 200 OK"
______________ test_enrichment_validator_rejects_contradictions _______________

    def test_enrichment_validator_rejects_contradictions():
        # Attempting to enrich a certificate as a website
>       result = EnrichmentResult(
            environment="mars", # Invalid enum simulation
            criticality="unknown",
            category="website",
            confidence="HIGH",
            evidence=["trust me"]
        )
E       pydantic_core._pydantic_core.ValidationError: 1 validation error for EnrichmentResult
E       environment
E         Input should be 'production', 'staging', 'development' or 'unknown' [type=literal_error, input_value='mars', input_type=str]
E           For further information visit https://errors.pydantic.dev/2.12/v/literal_error

tests\test_validators.py:21: ValidationError
=========================== short test summary info ===========================
FAILED tests/test_enrichment.py::test_enrichment_metadata_envelope - assert 4...
FAILED tests/test_enrichment.py::test_enrichment_insufficient_evidence - KeyE...
FAILED tests/test_llm_failures.py::test_risk_llm_failure_fallback - assert 40...
FAILED tests/test_llm_failures.py::test_enrichment_llm_failure_fallback - Key...
FAILED tests/test_query.py::test_query_grounding_and_hallucination_trap - Ind...
FAILED tests/test_report.py::test_report_auto_correction - assert 'Total Asse...
FAILED tests/test_risk.py::test_risk_summary_grounding - assert 404 == 200
FAILED tests/test_tenant_isolation.py::test_multi_tenant_isolation - assert 0...
FAILED tests/test_validators.py::test_enrichment_validator_rejects_contradictions
================== 9 failed, 17 passed in 383.66s (0:06:23) ===================
